---
source: tests/cli.rs
expression: r.stderr
---
ricepilot: not possible: `--relogin` runs `uwsm stop`, which ends the session, and the pre-flight and confirmation that must come before it are not built yet (M5). the switch itself works — run it without the flag and log out yourself [see docs/NOT-POSSIBLE.md#not-yet-implemented]
