---
source: tests/cli.rs
expression: r.stderr
---
ricepilot: not possible: `init` is not implemented yet; M1 ships the read-only commands plan, status, list and show, M2 adds recover, M3 adds switch, rollback, verify and rescue, and M4 adds capture, adopt and init [see docs/NOT-POSSIBLE.md#not-yet-implemented]
