---
source: tests/cli.rs
expression: r.stdout
---
plan: switch to profile `caelestia`

observed:
  foreign link   <HOME>/.config/hypr
  foreign link   <HOME>/.config/foot

declined. nothing has been changed.

  [R4] <HOME>/.config/hypr: is a foreign link, which ricepilot did not create. It cannot know what depends on it, so it will not replace it. Register it with `ricepilot adopt` or move it aside yourself.
  [R4] <HOME>/.config/foot: is a foreign link, which ricepilot did not create. It cannot know what depends on it, so it will not replace it. Register it with `ricepilot adopt` or move it aside yourself.
