---
source: tests/exec.rs
expression: s
---
a requires entry that could be read as an option
  exit 2  refusing: is not a package name (ASCII letters, digits and `@._+-`, not starting with `-` or `.`), so it was not passed to `pacman -Q` (-Syu) [R3]

git status on a relative path
  exit 2  refusing: `git status` is only run on an absolute path free of `..` (relative/repo) [R3]

PacmanQuery not installed
  exit 2  refusing: `pacman` is not installed in any of /usr/bin, /usr/local/bin. ricepilot runs a subprocess only by absolute path and does not look anywhere else — `PATH` is not consulted (pacman) [R3]

Hyprctl not installed
  exit 2  refusing: `hyprctl` is not installed in any of /usr/bin, /usr/local/bin. ricepilot runs a subprocess only by absolute path and does not look anywhere else — `PATH` is not consulted (hyprctl) [R3]

HyprlandVerifyConfig not installed
  exit 2  refusing: `Hyprland` is not installed in any of /usr/bin, /usr/local/bin. ricepilot runs a subprocess only by absolute path and does not look anywhere else — `PATH` is not consulted (Hyprland) [R3]

UwsmStop not installed
  exit 2  refusing: `uwsm` is not installed in any of /usr/bin, /usr/local/bin. ricepilot runs a subprocess only by absolute path and does not look anywhere else — `PATH` is not consulted (uwsm) [R3]

GitStatus not installed
  exit 2  refusing: `git` is not installed in any of /usr/bin, /usr/local/bin. ricepilot runs a subprocess only by absolute path and does not look anywhere else — `PATH` is not consulted (git) [R3]

Hyprctl in the sandbox
  exit 2  refusing: `hyprctl` reaches the live session, and RICEPILOT_SANDBOX is set: inside the test sandbox ricepilot never runs it (only an explicit RICEPILOT_LIVE_TESTS=1 lets a test run the real one) (hyprctl) [R1]

HyprlandVerifyConfig in the sandbox
  exit 2  refusing: `Hyprland` reaches the live session, and RICEPILOT_SANDBOX is set: inside the test sandbox ricepilot never runs it (only an explicit RICEPILOT_LIVE_TESTS=1 lets a test run the real one) (Hyprland) [R1]

UwsmStop in the sandbox
  exit 2  refusing: `uwsm` reaches the live session, and RICEPILOT_SANDBOX is set: inside the test sandbox ricepilot never runs it (uwsm) [R1]

UwsmStop in the sandbox, RICEPILOT_LIVE_TESTS=1
  exit 2  refusing: `uwsm` reaches the live session, and RICEPILOT_SANDBOX is set: inside the test sandbox ricepilot never runs it (uwsm) [R1]
