---
source: tests/manifest.rs
expression: out
---
profile `p`: `dest = "~/.config/x\necho INJECTED-FROM-RESCUE #"` contains a control character (a newline, tab, escape or the like). ricepilot writes these values into comments in rescue.sh and prints them in commands for you to run, where a newline would end the line and start another; a value that can do that is refused, not escaped (D68)
profile `p`: `src = "foot\recho INJECTED #"` contains a control character (a newline, tab, escape or the like). ricepilot writes these values into comments in rescue.sh and prints them in commands for you to run, where a newline would end the line and start another; a value that can do that is refused, not escaped (D68)
profile `p`: `dest = "~/.config/foot\t"` contains a control character (a newline, tab, escape or the like). ricepilot writes these values into comments in rescue.sh and prints them in commands for you to run, where a newline would end the line and start another; a value that can do that is refused, not escaped (D68)
profile `p`: `dest = "~/.config/\u{1b}[2Jfoot"` contains a control character (a newline, tab, escape or the like). ricepilot writes these values into comments in rescue.sh and prints them in commands for you to run, where a newline would end the line and start another; a value that can do that is refused, not escaped (D68)
profile `p`: `dest = "~/.config/foot\u{85}"` contains a control character (a newline, tab, escape or the like). ricepilot writes these values into comments in rescue.sh and prints them in commands for you to run, where a newline would end the line and start another; a value that can do that is refused, not escaped (D68)
profile `"p\necho INJECTED #"`: `name` contains a control character (a newline, tab, escape or the like). ricepilot writes these values into comments in rescue.sh and prints them in commands for you to run, where a newline would end the line and start another; a value that can do that is refused, not escaped (D68)
profile `p`: `root = "/rice\necho INJECTED #"` contains a control character (a newline, tab, escape or the like). ricepilot writes these values into comments in rescue.sh and prints them in commands for you to run, where a newline would end the line and start another; a value that can do that is refused, not escaped (D68)
profile `p`: `volatile = "a\nb"` contains a control character (a newline, tab, escape or the like). ricepilot writes these values into comments in rescue.sh and prints them in commands for you to run, where a newline would end the line and start another; a value that can do that is refused, not escaped (D68)
profile `p`: `generated = "hypr/\ncurrent.conf"` contains a control character (a newline, tab, escape or the like). ricepilot writes these values into comments in rescue.sh and prints them in commands for you to run, where a newline would end the line and start another; a value that can do that is refused, not escaped (D68)
